// Jest Snapshot v1, https://goo.gl/fbAQLP

exports[`EvidenceField component should render 1`] = `
<DocumentFragment>
  <label
    for="evidence_select"
  >
    Evidence
    <select
      data-testid="evidence-select"
      id="evidence_select"
    >
      <optgroup
        label="foo"
      >
        <option
          value="bar_code"
        >
          bar
        </option>
        <option
          value="baz_code"
        >
          baz
        </option>
      </optgroup>
    </select>
  </label>
</DocumentFragment>
`;
