// Jest Snapshot v1, https://goo.gl/fbAQLP

exports[`LogicalOperator component should render 1`] = `
<DocumentFragment>
  <select
    class="query-builder__logic"
    data-testid="query-builder-logic-select"
  >
    <option
      value="AND"
    >
      AND
    </option>
    <option
      value="OR"
    >
      OR
    </option>
    <option
      value="NOT"
    >
      NOT
    </option>
  </select>
</DocumentFragment>
`;
