// Jest Snapshot v1, https://goo.gl/fbAQLP

exports[`QueryBuilder should render 1`] = `
<DocumentFragment>
  <div
    class="page-intro"
  >
    <h2>
      <button
        class="dropdown"
        type="button"
      >
        <svg
          fill="currentColor"
          height="20"
          viewBox="0 0 512 311"
          width="20"
        >
          <path
            d="M236 302L9 75a28 28 0 010-40L35 9C46-2 64-2 75 9l181 180L437 9c11-11 29-11 40 0l26 26c11 11 11 29 0 40L276 302a28 28 0 01-40 0z"
          />
        </svg>
         Advanced search
      </button>
    </h2>
    <div
      class="intro-content"
    >
      <div
        class="intro-links"
      />
    </div>
  </div>
  <form
    class="query-builder"
    data-testid="query-builder-form"
  >
    <fieldset>
      <label
        for="namespace-select"
      >
        Searching in
        <select
          id="namespace-select"
        >
          <option
            value="uniprotkb"
          >
            UniProtKB
          </option>
          <option
            value="uniref"
          >
            UniRef
          </option>
          <option
            value="uniparc"
          >
            UniParc
          </option>
          <option
            value="proteomes"
          >
            Proteomes
          </option>
          <option
            value="publications"
          >
            Publications
          </option>
          <option
            value="keywords"
          >
            Keywords
          </option>
        </select>
      </label>
    </fieldset>
    <fieldset>
      <div
        class="query-builder__clause"
        data-testid="search__clause"
      >
        <select
          class="query-builder__logic"
          data-testid="query-builder-logic-select"
        >
          <option
            value="AND"
          >
            AND
          </option>
          <option
            value="OR"
          >
            OR
          </option>
          <option
            value="NOT"
          >
            NOT
          </option>
        </select>
        <div
          class="dropdown-container"
        >
          <button
            class="button dropdown"
            type="button"
          >
            Gene Name [GN]
          </button>
          <div
            class="dropdown-menu"
          />
        </div>
        <div
          class="query-builder__inputs"
        >
          <label
            for="input_gene"
          >
            Gene Name [GN]
            <input
              id="input_gene"
              placeholder="ydj1"
              type="text"
              value=""
            />
          </label>
        </div>
        <button
          class="button tertiary button-remove"
          data-testid="clause-list-button-remove"
          type="button"
        >
          Remove
        </button>
      </div>
      <div
        class="query-builder__clause"
        data-testid="search__clause"
      >
        <select
          class="query-builder__logic"
          data-testid="query-builder-logic-select"
        >
          <option
            value="AND"
          >
            AND
          </option>
          <option
            value="OR"
          >
            OR
          </option>
          <option
            value="NOT"
          >
            NOT
          </option>
        </select>
        <div
          class="dropdown-container"
        >
          <button
            class="button dropdown"
            type="button"
          >
            Taxonomy [OC]
          </button>
          <div
            class="dropdown-menu"
          />
        </div>
        <div
          class="query-builder__inputs"
        >
          <label
            for="4"
          >
            Taxonomy [OC]
            <div
              class="autocomplete-container"
            >
              <span
                class="search-input"
              >
                <input
                  data-testid="search-input"
                  placeholder=""
                  type="text"
                  value=""
                />
                <span
                  class="search-input__suffix"
                  data-testid="search-input-suffix"
                  role="presentation"
                >
                  <svg
                    fill="currentColor"
                    height="14"
                    viewBox="0 0 512 512"
                    width="14"
                  >
                    <path
                      d="M505 443L405 343c-4-4-10-7-17-7h-16a208 208 0 10-36 36v16c0 7 3 13 7 17l100 100c9 9 24 9 34 0l28-28c9-10 9-25 0-34zM208 336a128 128 0 110-256 128 128 0 010 256z"
                    />
                  </svg>
                </span>
              </span>
              <div
                class="autocomplete-menu"
              >
                <div
                  class="dropdown-menu__panel"
                />
              </div>
            </div>
          </label>
        </div>
        <button
          class="button tertiary button-remove"
          data-testid="clause-list-button-remove"
          type="button"
        >
          Remove
        </button>
      </div>
      <div
        class="query-builder__clause"
        data-testid="search__clause"
      >
        <select
          class="query-builder__logic"
          data-testid="query-builder-logic-select"
        >
          <option
            value="AND"
          >
            AND
          </option>
          <option
            value="OR"
          >
            OR
          </option>
          <option
            value="NOT"
          >
            NOT
          </option>
        </select>
        <div
          class="dropdown-container"
        >
          <button
            class="button dropdown"
            type="button"
          >
            Keyword [KW]
          </button>
          <div
            class="dropdown-menu"
          />
        </div>
        <div
          class="query-builder__inputs"
        >
          <label
            for="5"
          >
            Keyword [KW]
            <div
              class="autocomplete-container"
            >
              <span
                class="search-input"
              >
                <input
                  data-testid="search-input"
                  placeholder=""
                  type="text"
                  value=""
                />
                <span
                  class="search-input__suffix"
                  data-testid="search-input-suffix"
                  role="presentation"
                >
                  <svg
                    fill="currentColor"
                    height="14"
                    viewBox="0 0 512 512"
                    width="14"
                  >
                    <path
                      d="M505 443L405 343c-4-4-10-7-17-7h-16a208 208 0 10-36 36v16c0 7 3 13 7 17l100 100c9 9 24 9 34 0l28-28c9-10 9-25 0-34zM208 336a128 128 0 110-256 128 128 0 010 256z"
                    />
                  </svg>
                </span>
              </span>
              <div
                class="autocomplete-menu"
              >
                <div
                  class="dropdown-menu__panel"
                />
              </div>
            </div>
          </label>
        </div>
        <button
          class="button tertiary button-remove"
          data-testid="clause-list-button-remove"
          type="button"
        >
          Remove
        </button>
      </div>
      <div
        class="query-builder__clause"
        data-testid="search__clause"
      >
        <select
          class="query-builder__logic"
          data-testid="query-builder-logic-select"
        >
          <option
            value="AND"
          >
            AND
          </option>
          <option
            value="OR"
          >
            OR
          </option>
          <option
            value="NOT"
          >
            NOT
          </option>
        </select>
        <div
          class="dropdown-container"
        >
          <button
            class="button dropdown"
            type="button"
          >
            All
          </button>
          <div
            class="dropdown-menu"
          />
        </div>
        <div
          class="query-builder__inputs"
        >
          <label
            for="input_All"
          >
            All
            <input
              id="input_All"
              placeholder="a4_human, P05067, cdc7 human"
              type="text"
              value=""
            />
          </label>
        </div>
        <button
          class="button tertiary button-remove"
          data-testid="clause-list-button-remove"
          type="button"
        >
          Remove
        </button>
      </div>
    </fieldset>
    <div
      class="query-builder__actions"
    >
      <button
        class="button tertiary"
        data-testid="query-builder-add-field"
        id="add-field"
        type="button"
      >
        Add Field
      </button>
      <button
        class="button"
        id="submit-query"
        type="submit"
      >
        Search
      </button>
    </div>
  </form>
</DocumentFragment>
`;
