// Jest Snapshot v1, https://goo.gl/fbAQLP

exports[`ErrorPage component should render 1`] = `
<DocumentFragment>
  <div
    class="error-page-container"
    data-testid="test-id"
  >
    <test-file-stub
      classname="error-page-container__art-work"
    />
    test message
  </div>
</DocumentFragment>
`;
