// Jest Snapshot v1, https://goo.gl/fbAQLP

exports[`NoResultsPage component should render 1`] = `
<DocumentFragment>
  <div
    class="container"
  >
    <img
      alt=""
      height="400"
      src="test-file-stub"
      width="400"
    />
    <div
      class="message message--info"
      role="status"
    >
      <div
        class="message__side-border"
      />
      <test-file-stub
        classname="message--icon-align-top"
        height="1.125em"
        width="1.125em"
      />
      <div
        class="message__title"
      >
        <small>
          <h1
            class="small"
          >
            Sorry, no results were found!
          </h1>
          <span>
            Please try different criteria
          </span>
        </small>
      </div>
    </div>
  </div>
</DocumentFragment>
`;
