// Jest Snapshot v1, https://goo.gl/fbAQLP

exports[`ResourceNotFoundPage component should render 1`] = `
<DocumentFragment>
  <div
    class="error-page-container"
    data-testid=""
  >
    <test-file-stub
      classname="error-page-container__art-work"
    />
    <div
      class="message message--failure"
      role="status"
    >
      <div
        class="message__side-border"
      />
      <test-file-stub
        height="1.125em"
        width="1.125em"
      />
      <section
        class="message__content"
      >
        <small>
          <h4>
            Sorry, this page can't be found!
          </h4>
          <span>
            Please check the address bar for any mistakes
          </span>
        </small>
      </section>
    </div>
  </div>
</DocumentFragment>
`;
