// Jest Snapshot v1, https://goo.gl/fbAQLP

exports[`EntryPublication facets tests should handle errors 1`] = `
<DocumentFragment>
  <div
    class="container"
  >
    <img
      alt=""
      height="400"
      src="test-file-stub"
      width="400"
    />
    <div
      class="message message--failure"
      role="status"
    >
      <div
        class="message__side-border"
      />
      <test-file-stub
        classname="message--icon-align-top"
        height="1.125em"
        width="1.125em"
      />
      <div
        class="message__title"
      >
        <h4>
          This service is currently unavailable!
        </h4>
        <div>
          Please try again later
        </div>
      </div>
    </div>
  </div>
</DocumentFragment>
`;

exports[`EntryPublication facets tests should handle loading 1`] = `
<DocumentFragment>
  <div
    class="loader-container"
  >
    <test-file-stub
      classname="loader"
      height="100"
      width="100"
    />
  </div>
</DocumentFragment>
`;

exports[`EntryPublication facets tests should render 1`] = `
<DocumentFragment>
  <div
    class="facets"
  >
    <ul
      class="no-bullet"
    >
      <li>
        <div>
          <div
            class="facet-name"
          >
            Source
          </div>
          <ul
            class="expandable-list no-bullet"
          >
            <li>
              <a
                class=""
                href="/?facets=types%3A2"
              >
                <span
                  class="entry-title__status icon--reviewed"
                  title="This marks a reviewed UniProtKB entry"
                >
                  <test-file-stub />
                </span>
                UniProtKB reviewed (Swiss-Prot) (25)
              </a>
            </li>
            <li>
              <a
                class=""
                href="/?facets=types%3A1"
              >
                <span
                  class="entry-title__status icon--computational-annotation"
                  title="Computational annotation"
                >
                  <test-file-stub />
                </span>
                Computationally mapped (26)
              </a>
            </li>
            <li>
              <a
                class=""
                href="/?facets=types%3A0"
              >
                <span
                  class="entry-title__status icon--community-annotation"
                  title="Community curated"
                >
                  <test-file-stub />
                </span>
                Community curated (1)
              </a>
            </li>
          </ul>
        </div>
      </li>
      <li>
        <div>
          <div
            class="facet-name"
          >
            Category
          </div>
          <ul
            class="expandable-list no-bullet"
          >
            <li>
              <a
                class=""
                href="/?facets=categories%3AInteraction"
              >
                Interaction (27)
              </a>
            </li>
            <li>
              <a
                class=""
                href="/?facets=categories%3AFunction"
              >
                Function (14)
              </a>
            </li>
            <li>
              <a
                class=""
                href="/?facets=categories%3ASequences"
              >
                Sequences (14)
              </a>
            </li>
            <li>
              <a
                class=""
                href="/?facets=categories%3APTM+%2F+Processing"
              >
                PTM / Processing (10)
              </a>
            </li>
            <li>
              <a
                class=""
                href="/?facets=categories%3ADisease+%26+Variants"
              >
                Disease & Variants (7)
              </a>
            </li>
            <li>
              <button
                class="button tertiary expandable-list__action"
                data-testid="expandable-message"
                type="button"
              >
                More items
              </button>
            </li>
          </ul>
        </div>
      </li>
      <li>
        <div>
          <div
            class="facet-name"
          >
            Study type
          </div>
          <ul
            class="expandable-list no-bullet"
          >
            <li>
              <a
                class=""
                href="/?facets=is_large_scale%3Afalse"
              >
                Small scale (31)
              </a>
            </li>
            <li>
              <a
                class=""
                href="/?facets=is_large_scale%3Atrue"
              >
                Large scale (20)
              </a>
            </li>
          </ul>
        </div>
      </li>
    </ul>
  </div>
</DocumentFragment>
`;
