// Jest Snapshot v1, https://goo.gl/fbAQLP

exports[`SequenceView component should render SequenceInfo with provided sequence info (canonical) 1`] = `
<DocumentFragment>
  <div
    class="info-list"
  >
    <div
      class="info-list__item"
    >
      <div
        class="info-list__item__title"
      >
        Length
      </div>
      <div
        class="info-list__item__content"
      >
        100
      </div>
    </div>
    <div
      class="info-list__item"
    >
      <div
        class="info-list__item__title"
      >
        Mass (Da)
      </div>
      <div
        class="info-list__item__content"
      >
        100,000
      </div>
    </div>
    <div
      class="info-list__item"
    >
      <div
        class="info-list__item__title"
      >
        Last updated
      </div>
      <div
        class="info-list__item__content"
      >
        Some date
      </div>
    </div>
    <div
      class="info-list__item"
    >
      <div
        class="info-list__item__title"
      >
        Checksum
      </div>
      <div
        class="info-list__item__content"
      >
        ABCSSDDD
      </div>
    </div>
  </div>
  <div
    class="action-bar"
  >
    <div
      class="dropdown-container"
    >
      <button
        class="button dropdown"
        type="button"
      >
        Highlight
      </button>
      <div
        class="dropdown-menu"
      >
        <div
          class="dropdown-menu__content"
        >
          <label
            for="Isoform-Polar"
          >
            <input
              data-testid="sequence-highlight-checkbox"
              id="Isoform-Polar"
              type="checkbox"
            />
            Polar
          </label>
          <label
            for="Isoform-Hydrophobic"
          >
            <input
              data-testid="sequence-highlight-checkbox"
              id="Isoform-Hydrophobic"
              type="checkbox"
            />
            Hydrophobic
          </label>
        </div>
      </div>
    </div>
    <button
      class="button sequence__copy-button"
      type="button"
    >
      Copy sequence
    </button>
  </div>
  <div
    class="sequence"
  >
    <div
      class="sequence__sequence"
    >
      <span
        class="sequence__sequence__chunk"
      >
        <svg
          height="30"
          width="100"
        >
          <text
            class="sequence__sequence__chunk__counter"
            x="100"
            y="10"
          />
          <text
            class="sequence__sequence__chunk__sequence"
            x="0"
            y="20"
          >
            ABCD
          </text>
        </svg>
      </span>
    </div>
  </div>
</DocumentFragment>
`;

exports[`SequenceView component should render SequenceView 1`] = `
<DocumentFragment>
  <div
    class="info-list"
  >
    <div
      class="info-list__item"
    >
      <div
        class="info-list__item__title"
      >
        Sequence status
      </div>
      <div
        class="info-list__item__content"
      >
        Sequence status
      </div>
    </div>
    <div
      class="info-list__item"
    >
      <div
        class="info-list__item__title"
      >
        Sequence processing
      </div>
      <div
        class="info-list__item__content"
      >
        Sequence processing
      </div>
    </div>
  </div>
  <p>
    This entry describes 
    <strong>
      1
    </strong>
     isoforms produced by 
    <strong>
      event 1 & event 2
    </strong>
    .
  </p>
  <p>
    some text
  </p>
  <hr />
  <h4
    id="P05067-1"
  >
    P05067-1
  </h4>
  <p>
    This isoform has been chosen as the
    <strong>
      canonical
    </strong>
     sequence. All positional information in this entry refers to it. This is also the sequence that appears in the downloadable versions of the entry.
  </p>
  <div
    class="info-list"
  >
    <div
      class="info-list__item"
    >
      <div
        class="info-list__item__title"
      >
        Name
      </div>
      <div
        class="info-list__item__content"
      >
        APP770
      </div>
    </div>
    <div
      class="info-list__item"
    >
      <div
        class="info-list__item__title"
      >
        Synonyms
      </div>
      <div
        class="info-list__item__content"
      >
        PreA4 770
      </div>
    </div>
    <div
      class="info-list__item"
    >
      <div
        class="info-list__item__title"
      >
        Note
      </div>
      <div
        class="info-list__item__content"
      >
        A major isoform.
      </div>
    </div>
  </div>
  <div
    class="info-list"
  >
    <div
      class="info-list__item"
    >
      <div
        class="info-list__item__title"
      >
        Length
      </div>
      <div
        class="info-list__item__content"
      >
        1234
      </div>
    </div>
    <div
      class="info-list__item"
    >
      <div
        class="info-list__item__title"
      >
        Mass (Da)
      </div>
      <div
        class="info-list__item__content"
      >
        5,678
      </div>
    </div>
    <div
      class="info-list__item"
    >
      <div
        class="info-list__item__title"
      >
        Last updated
      </div>
      <div
        class="info-list__item__content"
      >
        12/04/2010
      </div>
    </div>
    <div
      class="info-list__item"
    >
      <div
        class="info-list__item__title"
      >
        Checksum
      </div>
      <div
        class="info-list__item__content"
      >
        ASSDFFFDSAASDDSDFSASDF
      </div>
    </div>
  </div>
  <div
    class="action-bar"
  >
    <div
      class="dropdown-container"
    >
      <button
        class="button dropdown"
        type="button"
      >
        Highlight
      </button>
      <div
        class="dropdown-menu"
      >
        <div
          class="dropdown-menu__content"
        >
          <label
            for="P05067-Polar"
          >
            <input
              data-testid="sequence-highlight-checkbox"
              id="P05067-Polar"
              type="checkbox"
            />
            Polar
          </label>
          <label
            for="P05067-Hydrophobic"
          >
            <input
              data-testid="sequence-highlight-checkbox"
              id="P05067-Hydrophobic"
              type="checkbox"
            />
            Hydrophobic
          </label>
        </div>
      </div>
    </div>
    <button
      class="button sequence__copy-button"
      type="button"
    >
      Copy sequence
    </button>
  </div>
  <div
    class="sequence"
  >
    <div
      class="sequence__sequence"
    >
      <span
        class="sequence__sequence__chunk"
      >
        <svg
          height="30"
          width="100"
        >
          <text
            class="sequence__sequence__chunk__counter"
            x="100"
            y="10"
          >
            10
          </text>
          <text
            class="sequence__sequence__chunk__sequence"
            x="0"
            y="20"
          >
            ATGHASOADS
          </text>
        </svg>
      </span>
      <span
        class="sequence__sequence__chunk"
      >
        <svg
          height="30"
          width="100"
        >
          <text
            class="sequence__sequence__chunk__counter"
            x="100"
            y="10"
          >
            20
          </text>
          <text
            class="sequence__sequence__chunk__sequence"
            x="0"
            y="20"
          >
            DKDSAJALDS
          </text>
        </svg>
      </span>
      <span
        class="sequence__sequence__chunk"
      >
        <svg
          height="30"
          width="100"
        >
          <text
            class="sequence__sequence__chunk__counter"
            x="100"
            y="10"
          >
            30
          </text>
          <text
            class="sequence__sequence__chunk__sequence"
            x="0"
            y="20"
          >
            AMCMnDSKMD
          </text>
        </svg>
      </span>
      <span
        class="sequence__sequence__chunk"
      >
        <svg
          height="30"
          width="100"
        >
          <text
            class="sequence__sequence__chunk__counter"
            x="100"
            y="10"
          />
          <text
            class="sequence__sequence__chunk__sequence"
            x="0"
            y="20"
          >
            SKNCSAKN
          </text>
        </svg>
      </span>
    </div>
  </div>
</DocumentFragment>
`;
