// Jest Snapshot v1, https://goo.gl/fbAQLP

exports[`HelpLandingPage should render 1`] = `
<DocumentFragment>
  <main
    class="uniprot-grid uniprot-grid--centered help-landing"
  >
    <div
      class="uniprot-grid-cell--span-12 page-intro"
    >
      <h1
        class=""
      >
        Help center
      </h1>
    </div>
    <div
      class="uniprot-grid-cell--span-9"
    >
      <div
        class="help-quick-search"
      >
        <span
          class="search-input"
        >
          <input
            data-testid="search-input"
            placeholder="Search"
            type="search"
            value=""
          />
          <span
            class="search-input__suffix"
            data-testid="search-input-suffix"
            role="presentation"
          >
            <test-file-stub
              height="14"
              width="14"
            />
          </span>
        </span>
      </div>
      <div
        class="help-landing__tiles"
      >
        <div
          class="illustrated-list-tile"
        >
          <h2
            class="illustrated-list-tile__heading medium"
          >
            UniProt data
          </h2>
          <div
            class="illustrated-list-tile__image"
          >
            <img
              alt=""
              height="62"
              src="test-file-stub"
              width="52"
            />
          </div>
          <ul
            class="illustrated-list-tile__list no-bullet"
          >
            <li>
              <a
                href="/help/uniprotkb_manual"
              >
                UniProtKB
              </a>
            </li>
            <li>
              <a
                href="/help/proteomes_manual"
              >
                Proteomes
              </a>
            </li>
            <li>
              <a
                href="/help/uniref"
              >
                UniRef
              </a>
            </li>
            <li>
              <a
                href="/help/uniparc"
              >
                UniParc
              </a>
            </li>
          </ul>
          <a
            class="illustrated-list-tile__more"
            href="/help?query=data"
          >
            More
          </a>
        </div>
        <div
          class="illustrated-list-tile"
        >
          <h2
            class="illustrated-list-tile__heading medium"
          >
            Get started
          </h2>
          <div
            class="illustrated-list-tile__image"
          >
            <img
              alt=""
              height="52"
              src="test-file-stub"
              width="52"
            />
          </div>
          <ul
            class="illustrated-list-tile__list no-bullet"
          >
            <li>
              <a
                href="/help/find_your_protein"
              >
                Find your protein
              </a>
            </li>
            <li>
              <a
                href="/help/explore_uniprotkb_entry "
              >
                Explore UniProtKB entry
              </a>
            </li>
            <li>
              <a
                href="/help/explore_proteomes "
              >
                Explore proteomes
              </a>
            </li>
          </ul>
          <a
            class="illustrated-list-tile__more"
            href="/help?query=*&facets=category:Get started"
          >
            More
          </a>
        </div>
        <div
          class="illustrated-list-tile"
        >
          <h2
            class="illustrated-list-tile__heading medium"
          >
            Training
          </h2>
          <div
            class="illustrated-list-tile__image"
          >
            <img
              alt=""
              height="40"
              src="test-file-stub"
              width="52"
            />
          </div>
          <ul
            class="illustrated-list-tile__list no-bullet"
          >
            <li>
              <a
                href="https://www.ebi.ac.uk/training/online/courses/uniprot-quick-tour"
              >
                Online training
              </a>
            </li>
            <li>
              <a
                href="https://www.ebi.ac.uk/training/search-results?query=uniprot&domain=ebiweb_training&page=1&facets="
              >
                Courses
              </a>
            </li>
          </ul>
          <a
            class="illustrated-list-tile__more"
            href="/help?query=training"
          >
            More
          </a>
        </div>
        <div
          class="illustrated-list-tile"
        >
          <h2
            class="illustrated-list-tile__heading medium"
          >
            Technical corner
          </h2>
          <div
            class="illustrated-list-tile__image"
          >
            <img
              alt=""
              height="41"
              src="test-file-stub"
              width="52"
            />
          </div>
          <ul
            class="illustrated-list-tile__list no-bullet"
          >
            <li>
              <a
                href="/help/programmatic_access"
              >
                Programmatic access
              </a>
            </li>
            <li>
              <a
                href="/help/programmatic_access"
              >
                UniProt JAPI
              </a>
            </li>
          </ul>
          <a
            class="illustrated-list-tile__more"
            href="/help/technical"
          >
            More
          </a>
        </div>
        <div
          class="illustrated-list-tile"
        >
          <h2
            class="illustrated-list-tile__heading medium"
          >
            Biocuration
          </h2>
          <div
            class="illustrated-list-tile__image"
          >
            <img
              alt=""
              height="59"
              src="test-file-stub"
              width="52"
            />
          </div>
          <ul
            class="illustrated-list-tile__list no-bullet"
          >
            <li>
              <a
                href="/help/biocuration"
              >
                UniProt biocuration
              </a>
            </li>
            <li>
              <a
                href="/help?query=*&facets=category:biocuration"
              >
                Biocuration projects
              </a>
            </li>
          </ul>
          <a
            class="illustrated-list-tile__more"
            href="/help?query=*&facets=category:biocuration"
          >
            More
          </a>
        </div>
        <div
          class="illustrated-list-tile"
        >
          <h2
            class="illustrated-list-tile__heading medium"
          >
            About us
          </h2>
          <div
            class="illustrated-list-tile__image"
          >
            <div
              style="opacity: 0.8; color: rgb(40, 170, 80);"
            >
              <test-file-stub />
            </div>
          </div>
          <ul
            class="illustrated-list-tile__list no-bullet"
          >
            <li>
              <a
                href="/help/about"
              >
                About UniProt
              </a>
            </li>
            <li>
              <a
                href="/help/publications"
              >
                How to cite us
              </a>
            </li>
          </ul>
          <a
            class="illustrated-list-tile__more"
            href="/help?query=*&facets=category:About UniProt"
          >
            More
          </a>
        </div>
      </div>
    </div>
    <div
      class="uniprot-grid-cell--span-3"
    >
      <section
        class="help-landing__faqs"
      >
        <h2
          class="small"
        >
          Suggested FAQs
        </h2>
        <ul
          class="no-bullet"
        >
          <li>
            <a
              href="/help/disease_query"
            >
              How can I get all the proteins involved in a given disease?
            </a>
          </li>
          <li>
            <a
              href="/help/canonical_and_isoforms"
            >
              What is the canonical sequence?
            </a>
          </li>
          <li>
            <a
              href="/help/reference_proteome"
            >
              What are reference proteomes?
            </a>
          </li>
        </ul>
        <a
          href="/help?query=*&facets=category:faq"
        >
          View all FAQs
        </a>
      </section>
      <section
        class="help-landing__contact"
      >
        <div>
          <p>
            <a
              href="/contact"
            >
              Get in touch 
              <test-file-stub
                width="2ch"
              />
            </a>
          </p>
          <p
            class="social"
          >
            <a
              class="external-link"
              href="https://twitter.com/uniprot"
              rel="noopener"
              target="_blank"
              title="UniProt posts on X (formerly Twitter)"
            >
              <test-file-stub
                width="3ch"
              />
            </a>
            <a
              class="external-link"
              href="https://www.facebook.com/uniprot.org"
              rel="noopener"
              target="_blank"
              title="UniProt posts on Facebook"
            >
              <test-file-stub
                width="3ch"
              />
            </a>
            <a
              class="external-link"
              href="https://www.youtube.com/user/uniprotvideos"
              rel="noopener"
              target="_blank"
              title="UniProt videos on YouTube"
            >
              <test-file-stub
                width="3ch"
              />
            </a>
            <a
              class="external-link"
              href="https://insideuniprot.blogspot.com/"
              rel="noopener"
              target="_blank"
              title="UniProt blog"
            >
              <test-file-stub
                width="3ch"
              />
            </a>
            <a
              class="external-link"
              href="https://groups.google.com/forum/#!forum/ebi-proteins-api"
              rel="noopener"
              target="_blank"
              title="UniProt Google Group"
            >
              <test-file-stub
                width="3ch"
              />
            </a>
          </p>
        </div>
      </section>
      <section
        class="help-landing__videos"
      >
        <h4>
          Help videos
        </h4>
        <div
          class="help-landing__videos__list"
        >
          <lite-youtube
            playlabel="How to search UniProtKB"
            style="background-image: url(https://i.ytimg.com/vi/yp1O1gDK8oA/hqdefault.jpg);"
            videoid="yp1O1gDK8oA"
          >
            <button
              class="lty-playbtn"
              type="button"
            >
              <span
                class="visually-hidden"
              >
                How to search UniProtKB
              </span>
            </button>
          </lite-youtube>
        </div>
      </section>
    </div>
  </main>
</DocumentFragment>
`;
