// Jest Snapshot v1, https://goo.gl/fbAQLP

exports[`AlignmentOverview BLAST should render 1`] = `
<DocumentFragment>
  <div>
    <protvista-track
      height="5"
      highlight="41:125"
      layout="non-overlapping"
      length="751"
    />
    <protvista-track
      height="5"
      highlight="41:125"
      layout="non-overlapping"
      length="751"
    />
  </div>
</DocumentFragment>
`;
