// Jest Snapshot v1, https://goo.gl/fbAQLP

exports[`BuscoView should render 1`] = `
<DocumentFragment>
  <div
    class="busco-view"
  >
    <protvista-track
      height="10"
      length="100"
    />
    <div
      class="busco-view__report"
    >
      n:13780 Â· primates_odb10
    </div>
    <div>
      C:99.5% (S:37.8% D:61.7%) F:0% M:0.5%
    </div>
  </div>
</DocumentFragment>
`;
