// Jest Snapshot v1, https://goo.gl/fbAQLP

exports[`UniProtKBEntryPublications Should make a call with pubmed ids and fail 1`] = `
<DocumentFragment>
  <div
    class="message message--failure"
    role="status"
  >
    <div
      class="message__side-border"
    />
    <test-file-stub
      height="1.125em"
      width="1.125em"
    />
    <section
      class="message__content"
    >
      <small>
        : There has been an error
      </small>
    </section>
  </div>
</DocumentFragment>
`;

exports[`UniProtKBEntryPublications Should make a call with pubmed ids and render properly 1`] = `
<DocumentFragment>
  <article
    class="inline-publication publication"
  >
    <div
      class="publication__columns"
    >
      <div
        class="publication__columns__main"
      >
        <h5
          class="publication__heading tiny"
        >
          A peptide zipcode sufficient for anterograde transport within amyloid precursor protein.
        </h5>
        <div
          class="publication__authors"
        >
          <a
            href="/uniprotkb?query=lit_author:\\"Satpute-Krishnan P.\\""
          >
            Satpute-Krishnan P.
          </a>
          , 
          <a
            href="/uniprotkb?query=lit_author:\\"DeGiorgis J.A.\\""
          >
            DeGiorgis J.A.
          </a>
          , 
          <a
            href="/uniprotkb?query=lit_author:\\"Conley M.P.\\""
          >
            Conley M.P.
          </a>
          , 
          <a
            href="/uniprotkb?query=lit_author:\\"Jang M.\\""
          >
            Jang M.
          </a>
          , 
          <a
            href="/uniprotkb?query=lit_author:\\"Bearer E.L.\\""
          >
            Bearer E.L.
          </a>
        </div>
        <div
          class="publication__abstract"
        >
          <button
            class="button tertiary"
            type="button"
          >
            View abstract [...]
          </button>
        </div>
      </div>
      <div
        class="publication__columns__side"
      >
        <div
          class="publication__columns__side__item"
        >
          <test-file-stub
            height="2em"
            width="1.875em"
          />
          <ul
            class="no-bullet"
          >
            <li>
              <a
                class="external-link"
                href="https://pubmed.ncbi.nlm.nih.gov/17062754"
                rel="noopener"
                target="_blank"
              >
                PubMed
              </a>
            </li>
            <li>
              <a
                class="external-link"
                href="//europepmc.org/article/MED/17062754"
                rel="noopener"
                target="_blank"
              >
                Europe PMC
              </a>
            </li>
            <li>
              <small>
                <a
                  class="external-link"
                  href="https://dx.doi.org/10.1073/pnas.0607527103"
                  rel="noopener"
                  target="_blank"
                >
                  Proc. Natl. Acad. Sci. U.S.A. 103:16532-16537(
                  <time
                    datetime="2006-01-01T00:00:00.000Z"
                  >
                    2006
                  </time>
                  )
                  <test-file-stub
                    data-testid="external-link-icon"
                    width="12.5"
                  />
                </a>
              </small>
            </li>
          </ul>
        </div>
        <div
          class="publication__columns__side__item"
        >
          <small>
            Mapped to
          </small>
          <div
            class="publication__statistics"
          >
            <a
              href="/uniprotkb?facets=reviewed:true&query=(lit_pubmed:undefined)"
              title="UniProtKB reviewed entries: 2"
            >
              <span
                class="bubble--small colour-pastel-blue"
              >
                2
              </span>
              <test-file-stub
                classname="publication__statistics--reviewed"
                height="1em"
              />
            </a>
          </div>
        </div>
      </div>
    </div>
  </article>
  <article
    class="inline-publication publication"
  >
    <div
      class="publication__columns"
    >
      <div
        class="publication__columns__main"
      >
        <h5
          class="publication__heading tiny"
        >
          Quantitative measurements and modeling of cargo-motor interactions during fast transport in the living axon.
        </h5>
        <div
          class="publication__authors"
        >
          <a
            href="/uniprotkb?query=lit_author:\\"Seamster P.E.\\""
          >
            Seamster P.E.
          </a>
          , 
          <a
            href="/uniprotkb?query=lit_author:\\"Loewenberg M.\\""
          >
            Loewenberg M.
          </a>
          , 
          <a
            href="/uniprotkb?query=lit_author:\\"Pascal J.\\""
          >
            Pascal J.
          </a>
          , 
          <a
            href="/uniprotkb?query=lit_author:\\"Chauviere A.\\""
          >
            Chauviere A.
          </a>
          , 
          <a
            href="/uniprotkb?query=lit_author:\\"Gonzales A.\\""
          >
            Gonzales A.
          </a>
          , 
          <a
            href="/uniprotkb?query=lit_author:\\"Cristini V.\\""
          >
            Cristini V.
          </a>
          , 
          <a
            href="/uniprotkb?query=lit_author:\\"Bearer E.L.\\""
          >
            Bearer E.L.
          </a>
        </div>
        <div
          class="publication__abstract"
        >
          <button
            class="button tertiary"
            type="button"
          >
            View abstract [...]
          </button>
        </div>
      </div>
      <div
        class="publication__columns__side"
      >
        <div
          class="publication__columns__side__item"
        >
          <test-file-stub
            height="2em"
            width="1.875em"
          />
          <ul
            class="no-bullet"
          >
            <li>
              <a
                class="external-link"
                href="https://pubmed.ncbi.nlm.nih.gov/23011729"
                rel="noopener"
                target="_blank"
              >
                PubMed
              </a>
            </li>
            <li>
              <a
                class="external-link"
                href="//europepmc.org/article/MED/23011729"
                rel="noopener"
                target="_blank"
              >
                Europe PMC
              </a>
            </li>
            <li>
              <small>
                <a
                  class="external-link"
                  href="https://dx.doi.org/10.1088/1478-3975/9/5/055005"
                  rel="noopener"
                  target="_blank"
                >
                  Phys. Biol. 9:055005-055005(
                  <time
                    datetime="2012-01-01T00:00:00.000Z"
                  >
                    2012
                  </time>
                  )
                  <test-file-stub
                    data-testid="external-link-icon"
                    width="12.5"
                  />
                </a>
              </small>
            </li>
          </ul>
        </div>
        <div
          class="publication__columns__side__item"
        >
          <small>
            Mapped to
          </small>
          <div
            class="publication__statistics"
          >
            <a
              href="/uniprotkb?facets=reviewed:true&query=(lit_pubmed:undefined)"
              title="UniProtKB reviewed entries: 6"
            >
              <span
                class="bubble--small colour-pastel-blue"
              >
                6
              </span>
              <test-file-stub
                classname="publication__statistics--reviewed"
                height="1em"
              />
            </a>
          </div>
        </div>
      </div>
    </div>
  </article>
  <article
    class="inline-publication publication"
  >
    <div
      class="publication__columns"
    >
      <div
        class="publication__columns__main"
      >
        <h5
          class="publication__heading tiny"
        >
          Amyloid precursor protein dimerization and synaptogenic function depend on copper binding to the growth factor-like domain.
        </h5>
        <div
          class="publication__authors"
        >
          <a
            href="/uniprotkb?query=lit_author:\\"Baumkotter F.\\""
          >
            Baumkotter F.
          </a>
          , 
          <a
            href="/uniprotkb?query=lit_author:\\"Schmidt N.\\""
          >
            Schmidt N.
          </a>
          , 
          <a
            href="/uniprotkb?query=lit_author:\\"Vargas C.\\""
          >
            Vargas C.
          </a>
          , 
          <a
            href="/uniprotkb?query=lit_author:\\"Schilling S.\\""
          >
            Schilling S.
          </a>
          , 
          <a
            href="/uniprotkb?query=lit_author:\\"Weber R.\\""
          >
            Weber R.
          </a>
          , 
          <a
            href="/uniprotkb?query=lit_author:\\"Wagner K.\\""
          >
            Wagner K.
          </a>
          , 
          <a
            href="/uniprotkb?query=lit_author:\\"Fiedler S.\\""
          >
            Fiedler S.
          </a>
          , 
          <a
            href="/uniprotkb?query=lit_author:\\"Klug W.\\""
          >
            Klug W.
          </a>
          , 
          <a
            href="/uniprotkb?query=lit_author:\\"Radzimanowski J.\\""
          >
            Radzimanowski J.
          </a>
          <button
            class="button tertiary"
            type="button"
          >
            [...]
          </button>
          , 
          <a
            href="/uniprotkb?query=lit_author:\\"Kins S.\\""
          >
            Kins S.
          </a>
        </div>
        <div
          class="publication__abstract"
        >
          <button
            class="button tertiary"
            type="button"
          >
            View abstract [...]
          </button>
        </div>
      </div>
      <div
        class="publication__columns__side"
      >
        <div
          class="publication__columns__side__item"
        >
          <test-file-stub
            height="2em"
            width="1.875em"
          />
          <ul
            class="no-bullet"
          >
            <li>
              <a
                class="external-link"
                href="https://pubmed.ncbi.nlm.nih.gov/25122912"
                rel="noopener"
                target="_blank"
              >
                PubMed
              </a>
            </li>
            <li>
              <a
                class="external-link"
                href="//europepmc.org/article/MED/25122912"
                rel="noopener"
                target="_blank"
              >
                Europe PMC
              </a>
            </li>
            <li>
              <small>
                <a
                  class="external-link"
                  href="https://dx.doi.org/10.1523/jneurosci.0180-14.2014"
                  rel="noopener"
                  target="_blank"
                >
                  J. Neurosci. 34:11159-11172(
                  <time
                    datetime="2014-01-01T00:00:00.000Z"
                  >
                    2014
                  </time>
                  )
                  <test-file-stub
                    data-testid="external-link-icon"
                    width="12.5"
                  />
                </a>
              </small>
            </li>
          </ul>
        </div>
        <div
          class="publication__columns__side__item"
        >
          <small>
            Mapped to
          </small>
          <div
            class="publication__statistics"
          >
            <a
              href="/uniprotkb?facets=reviewed:true&query=(lit_pubmed:undefined)"
              title="UniProtKB reviewed entries: 1"
            >
              <span
                class="bubble--small colour-pastel-blue"
              >
                1
              </span>
              <test-file-stub
                classname="publication__statistics--reviewed"
                height="1em"
              />
            </a>
          </div>
        </div>
      </div>
    </div>
  </article>
</DocumentFragment>
`;
