// Jest Snapshot v1, https://goo.gl/fbAQLP

exports[`ErrorComponent should render 1`] = `
<DocumentFragment>
  <div
    class="error-component"
  >
    <div
      class="message message--failure"
      role="status"
    >
      <section
        class="message__content"
      >
        <svg
          fill="currentColor"
          height="1.125em"
          viewBox="0 0 18 18"
          width="1.125em"
        >
          <path
            clip-rule="evenodd"
            d="M18 9A9 9 0 110 9a9 9 0 0118 0zM8 4a1 1 0 112 0v6a1 1 0 11-2 0V4zm1 9a1 1 0 100 2 1 1 0 000-2z"
            fill-rule="evenodd"
          />
        </svg>
        <small>
          <h5>
            An unexpected issue occured
          </h5>
          <p>
            You can try to reload the page, use the rest of this page, or go back to the previous page.
          </p>
          <p>
            If the error persists, please 
            <a
              href="https://goo.gl/forms/VrAGbqg2XFg6Mpbh1"
              rel="noopener noreferrer"
              target="_blank"
            >
              report this bug here
            </a>
            .
          </p>
        </small>
      </section>
    </div>
  </div>
</DocumentFragment>
`;
