// Jest Snapshot v1, https://goo.gl/fbAQLP

exports[`DatabaseCard tests should render the card component 1`] = `
<DocumentFragment>
  <section
    class="card"
  >
    <div
      class="card__container"
    >
      <div
        class="card__header"
      >
        <span
          class="checkbox-cell"
        >
          <input
            data-id="DB-0022"
            id="0"
            type="checkbox"
          />
          <label
            aria-label="DB-0022"
            for="0"
            title="click to select, shift+click for multiple selection"
          />
        </span>
        <h2
          class="small"
        >
          <a
            href="/database/DB-0022"
          >
            EMBL
          </a>
        </h2>
      </div>
      <div
        class="card__content"
      >
        <div
          class="result-card__info-container"
        >
          EMBL nucleotide sequence database
        </div>
        <div
          class="result-card__info-container"
        >
          <span
            class="result-card__info-bit"
          >
            <strong>
              Category: 
            </strong>
            <a
              href="/database?facets=category_exact:Sequence databases&query=*"
            >
              Sequence databases
            </a>
          </span>
        </div>
      </div>
    </div>
    <div
      class="card__actions"
    >
      <a
        class="card-action"
        href="/uniprotkb?query=(database:EMBL)"
      >
        215,511,964 UniProtKB entries
      </a>
      <a
        class="card-action"
        href="/uniprotkb?facets=reviewed:true&query=(database:EMBL)"
      >
        553,525 reviewed UniProtKB entries
      </a>
      <a
        class="card-action"
        href="/uniprotkb?facets=reviewed:false&query=(database:EMBL)"
      >
        214,958,439 unreviewed UniProtKB entries
      </a>
    </div>
  </section>
</DocumentFragment>
`;
