// Jest Snapshot v1, https://goo.gl/fbAQLP

exports[`UniRefCard tests should render and match snapshot 1`] = `
<DocumentFragment>
  <section
    class="card"
  >
    <div
      class="card__container"
    >
      <div
        class="card__header"
      >
        <span
          class="checkbox-cell"
        >
          <input
            data-id="UPI0000000001"
            id="1"
            type="checkbox"
          />
          <label
            aria-label="UPI0000000001"
            for="1"
            title="click to select, shift+click for multiple selection"
          />
        </span>
        <h2
          class="small"
        >
          <a
            href="/uniparc/UPI0000000001"
          >
            <span
              class="entry-title"
              translate="no"
            >
              <span
                class="entry-title__status icon--uniparc"
                title="This marks a UniParc entry"
              >
                <test-file-stub />
              </span>
              UPI0000000001
            </span>
          </a>
        </h2>
      </div>
      <div
        class="card__content"
      >
        <div
          class="result-card__info-container"
        >
          <span
            class="result-card__info-bit"
          >
            <strong>
              Organisms: 
            </strong>
            7
          </span>
          <span
            class="result-card__info-bit"
          >
            <strong>
              UniprotKB entries: 
            </strong>
            2 reviewed and 7 unreviewed
          </span>
        </div>
        <div
          class="result-card__info-container"
        >
          <span
            class="result-card__info-bit"
          >
            <strong>
              <span>
                First seen
              </span>
              : 
            </strong>
            <time
              datetime="1988-11-01T00:00:00.000Z"
            >
              1988-11-01
            </time>
          </span>
          <span
            class="result-card__info-bit"
          >
            <strong>
              <span>
                Last seen
              </span>
              : 
            </strong>
            <time
              datetime="2024-07-24T00:00:00.000Z"
            >
              2024-07-24
            </time>
          </span>
          <span
            class="result-card__info-bit"
          >
            <strong>
              <span>
                Length
              </span>
              : 
            </strong>
            250
          </span>
        </div>
      </div>
    </div>
  </section>
</DocumentFragment>
`;
