// Jest Snapshot v1, https://goo.gl/fbAQLP

exports[`ARBAColumnConfiguration component should render column "annotation_covered": annotation_covered 1`] = `
<DocumentFragment>
  <ul
    class="expandable-list no-bullet"
  >
    <li>
      protein name
    </li>
  </ul>
</DocumentFragment>
`;

exports[`ARBAColumnConfiguration component should render column "rule_id": rule_id 1`] = `
<DocumentFragment>
  <span
    class="no-wrap accession-view"
  >
    <a
      class="accession"
      href="/arba/ARBA00013665"
    >
      ARBA00013665
    </a>
  </span>
</DocumentFragment>
`;

exports[`ARBAColumnConfiguration component should render column "taxonomic_scope": taxonomic_scope 1`] = `<DocumentFragment />`;
