// Jest Snapshot v1, https://goo.gl/fbAQLP

exports[`getFASTAFromAccession should handle UniParc entry 1`] = `
">UPI0000000001 status=true
MGAAASIQTT VNTLSERISS KLEQEANASA QTKCDIEIGN FYIRQNHGCN LTVKNMCSAD
ADAQLDAVLS AATETYSGLT PEQKAYVPAM FTAALNIQTS VNTVVRDFEN YVKQTCNSSA
VVDNKLKIQN VIIDECYGAP GSPTNLEFIN TGSSKGNCAI KALMQLTTKA TTQIAPKQVA
GTGVQFYMIV IGVIILAALF MYYAKRMLFT STNDKIKLIL ANKENVHWTT YMDTFFRTSP
MVIATTDMQN"
`;

exports[`getFASTAFromAccession should handle UniProtKB entry 1`] = `
">sp|P05067|A4_HUMAN Amyloid-beta precursor protein OS=Homo sapiens OX=9606 GN=APP PE=1 SV=3
MLPGLALLLL AAWTARALEV PTDGNAGLLA EPQIAMFCGR LNMHMNVQNG KWDSDPSGTK
TCIDTKEGIL QYCQEVYPEL QITNVVEANQ PVTIQNWCKR GRKQCKTHPH FVIPYRCLVG
EFVSDALLVP DKCKFLHQER MDVCETHLHW HTVAKETCSE KSTNLHDYGM LLPCGIDKFR
GVEFVCCPLA EESDNVDSAD AEEDDSDVWW GGADTDYADG SEDKVVEVAE EEEVAEVEEE
EADDDEDDED GDEVEEEAEE PYEEATERTT SIATTTTTTT ESVEEVVREV CSEQAETGPC
RAMISRWYFD VTEGKCAPFF YGGCGGNRNN FDTEEYCMAV CGSAMSQSLL KTTQEPLARD
PVKLPTTAAS TPDAVDKYLE TPGDENEHAH FQKAKERLEA KHRERMSQVM REWEEAERQA
KNLPKADKKA VIQHFQEKVE SLEQEAANER QQLVETHMAR VEAMLNDRRR LALENYITAL
QAVPPRPRHV FNMLKKYVRA EQKDRQHTLK HFEHVRMVDP KKAAQIRSQV MTHLRVIYER
MNQSLSLLYN VPAVAEEIQD EVDELLQKEQ NYSDDVLANM ISEPRISYGN DALMPSLTET
KTTVELLPVN GEFSLDDLQP WHSFGADSVP ANTENEVEPV DARPAADRGL TTRPGSGLTN
IKTEEISEVK MDAEFRHDSG YEVHHQKLVF FAEDVGSNKG AIIGLMVGGV VIATVIVITL
VMLKKKQYTS IHHGVVEVDA AVTPEERHLS KMQQNGYENP TYKFFEQMQN"
`;

exports[`getFASTAFromAccession should handle UniRef entry 1`] = `
">UniRef100_A0A0B7GQ86 PTS system glucose-specific EIICBA component [includes: glucose permease IIC component glucose-specific phosphotransferase enzyme IIB component glucose-specific phosphotransferase enzyme IIA compon... n=1 Tax=Streptococcus sanguinis TaxID=1305 RepID=A0A0B7GQ86_STRSA
MMKDSFKNIF SFEFWQKFGK ALMVVVAVMP AAGLMISIGK SIPMINPNLG VLVTTGGVLE
QIGWGVIGNL HILFALAIGG SWAKERAGGA FAAGLSFILI NRITGVMFGV TGDMLADKTA
VVKTMFGASI KVSDYFISVL ESPALNMGVF VGIIAGFVGA TAYNKYYNFR KLPDALSFFN
GKRFVPFVVI LRSAIVAIVL SFVWPVVQSG INSFGIWIAN SQDTAPILAP FIYGTLERLL
LPFGLHHMLT IPMNYTELGG VYEVITGSGA GTTVAGQDPL WLAWVTDLVG TKTADPNTYK
HLLETVHPAR FKVGQMIGSF GILMGVAAAI YHNVDADKKH KYKGMMIATA LATFLTGVTE
PIEYMFMFVA TPLYLVYSLV QGAAFAMADI VALRVHSFGS IEFLTRTPMA INAGLGGDII
NFIWVTILFG VVMYFISNFM IKKFNYATPG RNGNYETAEG SDEASSSDST GGKVAAASQA
VNVINLLGGR ANIVDVDACM TRLRVTVKDA EKVGTEEQWK AEGAMGLVMK GQGVQAIYGP
KADVLKSDIQ DLLDSGEVIP ETLPSQKAES EAAEVSYKGV TEEVETVADG QVIDLADVKD
PVFSQKMMGD GFAVEPENGK IYSPVAGTVT SVFPSKHAIG LVTDNGLEVL VHIGLETVSL
EGKPFEVHVS EGQKVAAGDL LVTADLEAIK EAGRETSTIV VFTNAAAIKS VTVEKLGQAS
AKTVVAKVEL"
`;
