// Jest Snapshot v1, https://goo.gl/fbAQLP

exports[`SequenceView component should render SequenceInfo with provided sequence info (canonical) 1`] = `
<DocumentFragment>
  <div
    class="button-group"
  >
    <button
      class="button tertiary"
      title="Run 2 BLAST jobs against the selected entries"
      type="button"
    >
      BLAST 2 isoforms
    </button>
    <button
      class="button tertiary"
      title="Run an Align job against 2 entries"
      type="button"
    >
      Align 2 isoforms
    </button>
  </div>
  <div
    class="info-list info-list--columns"
  >
    <div
      class="info-list__item"
    >
      <div
        class="info-list__title"
      >
        <h5
          class="bold"
        >
          Sequence status
        </h5>
      </div>
      <div
        class="info-list__content"
      >
        Sequence status
      </div>
    </div>
    <div
      class="info-list__item"
    >
      <div
        class="info-list__title"
      >
        <h5
          class="bold"
        >
          Sequence processing
        </h5>
      </div>
      <div
        class="info-list__content"
      >
        Sequence processing
      </div>
    </div>
  </div>
  <p>
    This entry describes 
    <strong>
      2
    </strong>
     isoforms produced by 
    <strong>
      event 1 & event 2
    </strong>
    .
  </p>
  <p>
    some text
  </p>
  <hr />
  <h3
    id="P05067-1"
  >
    P05067-1
  </h3>
  <p>
    This isoform has been chosen as the 
    <strong>
      canonical
    </strong>
     sequence. All positional information in this entry refers to it. This is also the sequence that appears in the downloadable versions of the entry.
  </p>
  <div
    class="info-list info-list--columns info-list--compact"
  >
    <div
      class="info-list__item"
    >
      <div
        class="info-list__title"
      >
        <h5
          class="bold"
        >
          Name
        </h5>
      </div>
      <div
        class="info-list__content"
      >
        APP770
      </div>
    </div>
    <div
      class="info-list__item"
    >
      <div
        class="info-list__title"
      >
        <h5
          class="bold"
        >
          Synonyms
        </h5>
      </div>
      <div
        class="info-list__content"
      >
        PreA4 770
      </div>
    </div>
    <div
      class="info-list__item"
    >
      <div
        class="info-list__title"
      >
        <h5
          class="bold"
        >
          Note
        </h5>
      </div>
      <div
        class="info-list__content"
      >
        A major isoform.
      </div>
    </div>
  </div>
  <section
    class="sequence-container"
  >
    <div
      class="action-bar button-group"
    >
      <div
        class="dropdown-container"
      >
        <button
          class="button dropdown tertiary"
          type="button"
        >
          Tools
        </button>
        <div
          class="dropdown-menu"
        >
          <ul
            class="no-bullet"
          >
            <li>
              <button
                class="button tertiary"
                type="button"
              >
                BLAST
              </button>
            </li>
            <li>
              <a
                href="//web.expasy.org/cgi-bin//protparam/protparam?P05067"
                rel="noopener noreferrer"
                target="_blank"
              >
                ProtParam
              </a>
            </li>
            <li>
              <a
                href="//web.expasy.org/cgi-bin//protscale/protscale.pl?P05067"
                rel="noopener noreferrer"
                target="_blank"
              >
                ProtScale
              </a>
            </li>
            <li>
              <a
                href="//web.expasy.org/cgi-bin//compute_pi/pi_tool?P05067"
                rel="noopener noreferrer"
                target="_blank"
              >
                Compute pI/Mw
              </a>
            </li>
            <li>
              <a
                href="//web.expasy.org/cgi-bin//peptide_mass/peptide-mass.pl?P05067"
                rel="noopener noreferrer"
                target="_blank"
              >
                PeptideMass
              </a>
            </li>
            <li>
              <a
                href="//web.expasy.org/cgi-bin//peptide_cutter/peptidecutter.pl?P05067"
                rel="noopener noreferrer"
                target="_blank"
              >
                PeptideCutter
              </a>
            </li>
          </ul>
        </div>
      </div>
      <a
        class="button tertiary"
        download=""
        href="https://wwwdev.ebi.ac.uk/uniprot/api/uniprotkb/accession/P05067.fasta"
      >
        <svg
          fill="currentColor"
          viewBox="0 0 32 32"
        >
          <path
            d="M27.6 21h3.9v7.7H.5v-7.8h3.9v4h23.2v-4zm-3.9-9.7L16 22.9 8.2 11.3h5.9V1.6h3.8v9.7h5.9z"
          />
        </svg>
        Download
      </a>
      <div
        class="dropdown-container"
      >
        <button
          class="button dropdown tertiary"
          type="button"
        >
          Highlight
        </button>
        <div
          class="dropdown-menu"
        >
          <div
            class="dropdown-menu__content"
          >
            <label
              for="P05067-Polar"
            >
              <input
                data-testid="sequence-highlight-checkbox"
                id="P05067-Polar"
                type="checkbox"
              />
              Polar
            </label>
            <label
              for="P05067-Hydrophobic"
            >
              <input
                data-testid="sequence-highlight-checkbox"
                id="P05067-Hydrophobic"
                type="checkbox"
              />
              Hydrophobic
            </label>
          </div>
        </div>
      </div>
      <button
        class="button tertiary"
        type="button"
      >
        Copy FASTA
      </button>
    </div>
    <div
      class="info-list info-list--columns info-list--compact"
    >
      <div
        class="info-list__item"
      >
        <div
          class="info-list__title"
        >
          <h5
            class="bold"
          >
            Length
          </h5>
        </div>
        <div
          class="info-list__content"
        >
          1234
        </div>
      </div>
      <div
        class="info-list__item"
      >
        <div
          class="info-list__title"
        >
          <h5
            class="bold"
          >
            Mass (Da)
          </h5>
        </div>
        <div
          class="info-list__content"
        >
          5,678
        </div>
      </div>
      <div
        class="info-list__item"
      >
        <div
          class="info-list__title"
        >
          <h5
            class="bold"
          >
            Last updated
          </h5>
        </div>
        <div
          class="info-list__content"
        >
          12/04/2010
        </div>
      </div>
      <div
        class="info-list__item"
      >
        <div
          class="info-list__title"
        >
          <h5
            class="bold"
          >
            Checksum
          </h5>
        </div>
        <div
          class="info-list__content"
        >
          ASSDFFFDSAASDDSDFSASDF
        </div>
      </div>
    </div>
    <div
      class="sequence"
    >
      <div
        class="sequence__sequence"
      >
        <span
          class="sequence__sequence__chunk"
        >
          <svg
            height="30"
            width="100"
          >
            <text
              class="sequence__sequence__chunk__counter"
              x="100"
              y="10"
            >
              10
            </text>
            <text
              class="sequence__sequence__chunk__sequence"
              x="0"
              y="20"
            >
              ATGHASOADS
            </text>
          </svg>
        </span>
        <span
          class="sequence__sequence__chunk"
        >
          <svg
            height="30"
            width="100"
          >
            <text
              class="sequence__sequence__chunk__counter"
              x="100"
              y="10"
            >
              20
            </text>
            <text
              class="sequence__sequence__chunk__sequence"
              x="0"
              y="20"
            >
              DKDSAJALDS
            </text>
          </svg>
        </span>
        <span
          class="sequence__sequence__chunk"
        >
          <svg
            height="30"
            width="100"
          >
            <text
              class="sequence__sequence__chunk__counter"
              x="100"
              y="10"
            >
              30
            </text>
            <text
              class="sequence__sequence__chunk__sequence"
              x="0"
              y="20"
            >
              AMCMnDSKMD
            </text>
          </svg>
        </span>
        <span
          class="sequence__sequence__chunk"
        >
          <svg
            height="30"
            width="100"
          >
            <text
              class="sequence__sequence__chunk__counter"
              x="100"
              y="10"
            />
            <text
              class="sequence__sequence__chunk__sequence"
              x="0"
              y="20"
            >
              SKNCSAKN
            </text>
          </svg>
        </span>
      </div>
    </div>
  </section>
  <hr />
  <h3
    id="P05067-2"
  >
    P05067-2
  </h3>
  <div
    class="info-list info-list--columns info-list--compact"
  >
    <div
      class="info-list__item"
    >
      <div
        class="info-list__title"
      >
        <h5
          class="bold"
        >
          Name
        </h5>
      </div>
      <div
        class="info-list__content"
      >
        APP770-2
      </div>
    </div>
    <div
      class="info-list__item"
    >
      <div
        class="info-list__title"
      >
        <h5
          class="bold"
        >
          Synonyms
        </h5>
      </div>
      <div
        class="info-list__content"
      >
        PreA4 770-2
      </div>
    </div>
    <div
      class="info-list__item"
    >
      <div
        class="info-list__title"
      >
        <h5
          class="bold"
        >
          Note
        </h5>
      </div>
      <div
        class="info-list__content"
      >
        A not so major isoform.
      </div>
    </div>
  </div>
  <button
    class="button secondary"
    type="button"
  >
    Show sequence 
  </button>
</DocumentFragment>
`;
